<?xml version="1.0" encoding="utf-8"?><testsuites><testsuite name="pytest" errors="0" failures="0" skipped="0" tests="4" time="100.732" timestamp="2024-11-12T19:52:19.650898" hostname="tuso-SY-YL-B550M"><testcase classname="tests.model.test_model.TestModel" name="test_model_fit" time="20.038" /><testcase classname="tests.model.test_model.TestModel" name="test_model_predict" time="38.862" /><testcase classname="tests.model.test_model.TestModel" name="test_model_preprocess_for_serving" time="19.441" /><testcase classname="tests.model.test_model.TestModel" name="test_model_preprocess_for_training" time="19.231" /></testsuite></testsuites>